Ablation ddae_repro / unsupervised
Traceback (most recent call last):
  File "/home/zarnihlawn/Desktop/ITM/project/scripts/v3_hard_bisect.py", line 293, in <module>
    main()
  File "/home/zarnihlawn/Desktop/ITM/project/scripts/v3_hard_bisect.py", line 246, in main
    run_candidate(
  File "/home/zarnihlawn/Desktop/ITM/project/scripts/v3_hard_bisect.py", line 181, in run_candidate
    row = run_single_file(
          ^^^^^^^^^^^^^^^^
  File "/home/zarnihlawn/Desktop/ITM/project/src/train/experiment.py", line 173, in run_single_file
    model = AdaDDAE(
            ^^^^^^^^
  File "/home/zarnihlawn/Desktop/ITM/project/src/models/adadae.py", line 156, in __init__
    ).to(self.device)
      ^^^^^^^^^^^^^^^
  File "/home/zarnihlawn/Desktop/ITM/project/.venv/lib/python3.12/site-packages/torch/nn/modules/module.py", line 1383, in to
    return self._apply(convert)
           ^^^^^^^^^^^^^^^^^^^^
  File "/home/zarnihlawn/Desktop/ITM/project/.venv/lib/python3.12/site-packages/torch/nn/modules/module.py", line 933, in _apply
    module._apply(fn)
  File "/home/zarnihlawn/Desktop/ITM/project/.venv/lib/python3.12/site-packages/torch/nn/modules/module.py", line 933, in _apply
    module._apply(fn)
  File "/home/zarnihlawn/Desktop/ITM/project/.venv/lib/python3.12/site-packages/torch/nn/modules/module.py", line 964, in _apply
    param_applied = fn(param)
                    ^^^^^^^^^
  File "/home/zarnihlawn/Desktop/ITM/project/.venv/lib/python3.12/site-packages/torch/nn/modules/module.py", line 1369, in convert
    return t.to(
           ^^^^^
  File "/home/zarnihlawn/Desktop/ITM/project/.venv/lib/python3.12/site-packages/torch/cuda/__init__.py", line 529, in _lazy_init
    torch._C._cuda_init()
RuntimeError: Found no NVIDIA driver on your system. Please check that you have an NVIDIA GPU and installed a driver from http://www.nvidia.com/Download/index.aspx
Traceback (most recent call last):
  File "/home/zarnihlawn/Desktop/ITM/project/scripts/v3_hard_bisect.py", line 16, in <module>
    from scripts.ablations import ABLATIONS, deep_update
  File "/home/zarnihlawn/Desktop/ITM/project/scripts/ablations.py", line 26, in <module>
    from src.train.experiment import run_single_file
  File "/home/zarnihlawn/Desktop/ITM/project/src/train/__init__.py", line 1, in <module>
    from .experiment import run_single_file, set_seed
  File "/home/zarnihlawn/Desktop/ITM/project/src/train/experiment.py", line 26, in <module>
    from ..policy import apply_routed_config
  File "/home/zarnihlawn/Desktop/ITM/project/src/policy.py", line 10, in <module>
    from ..config import PROJECT_ROOT
ImportError: attempted relative import beyond top-level package
